>>>> [1] circle_1 <<<<
>>>> [2] circle_2 <<<<
